<html>
<body>
<pre>
<h1>µVision Build Log</h1>
<h2>Tool Versions:</h2>
IDE-Version: ¦ÌVision V5.27.1.0
Copyright (C) 2019 ARM Ltd and ARM Germany GmbH. All rights reserved.
License Information: 1 2, 3, LIC=GMZI6-DKZ90-9UB4U-SHTH3-RB7KN-4MEAT
 
Tool Versions:
Toolchain:       MDK-ARM Plus  Version: 5.27.1.0
Toolchain Path:  C:\Keil_v5\ARM\ARMCC\Bin
C Compiler:      Armcc.exe V5.06 update 6 (build 750)
Assembler:       Armasm.exe V5.06 update 6 (build 750)
Linker/Locator:  ArmLink.exe V5.06 update 6 (build 750)
Library Manager: ArmAr.exe V5.06 update 6 (build 750)
Hex Converter:   FromElf.exe V5.06 update 6 (build 750)
CPU DLL:         SARMCM3.DLL V5.27.1.0
Dialog DLL:      DARMCM1.DLL V1.19.2.0
Target DLL:      STLink\ST-LINKIII-KEIL_SWO.dll V3.0.6.0
Dialog DLL:      TARMCM1.DLL V1.14.1.0
 
<h2>Project:</h2>
D:\7-repository\Workspace\RT-Thread_WorkShop\rt-thread_test\MDK-ARM\rt-thread_test.uvprojx
Project File Date:  04/06/2020

<h2>Output:</h2>
*** Using Compiler 'V5.06 update 6 (build 750)', folder: 'C:\Keil_v5\ARM\ARMCC\Bin'
Build target 'rt-thread_test'
assembling startup_stm32g071xx.s...
compiling stm32g0xx_it.c...
compiling stm32g0xx_hal_msp.c...
compiling main.c...
compiling stm32g0xx_hal_gpio.c...
compiling stm32g0xx_hal_rcc_ex.c...
compiling stm32g0xx_hal_rcc.c...
compiling stm32g0xx_hal_flash.c...
compiling stm32g0xx_hal_flash_ex.c...
compiling stm32g0xx_hal_dma.c...
compiling stm32g0xx_hal_dma_ex.c...
compiling stm32g0xx_hal_pwr.c...
compiling stm32g0xx_hal_pwr_ex.c...
compiling stm32g0xx_hal.c...
compiling stm32g0xx_hal_exti.c...
compiling stm32g0xx_hal_cortex.c...
compiling stm32g0xx_hal_tim.c...
compiling stm32g0xx_hal_tim_ex.c...
compiling system_stm32g0xx.c...
compiling context_rvds.S...
compiling board.c...
compiling clock.c...
compiling components.c...
compiling idle.c...
compiling ipc.c...
compiling irq.c...
compiling mem.c...
compiling kservice.c...
compiling object.c...
../Middlewares/Third_Party/RealThread_RTOS_RT-Thread/src/object.c(262): warning:  #550-D: variable "obj"  was set but never used
          struct rt_object *obj;
../Middlewares/Third_Party/RealThread_RTOS_RT-Thread/src/object.c: 1 warning, 0 errors
compiling scheduler.c...
compiling timer.c...
compiling thread.c...
compiling cpuport.c...
linking...
Program Size: Code=6992 RO-data=592 RW-data=116 ZI-data=2804  
FromELF: creating hex file...
"rt-thread_test\rt-thread_test.axf" - 0 Error(s), 1 Warning(s).

<h2>Software Packages used:</h2>

Package Vendor: ARM
                http://www.keil.com/pack/ARM.CMSIS.5.5.1.pack
                ARM.CMSIS.5.5.1
                CMSIS (Cortex Microcontroller Software Interface Standard)
   * Component: CORE Version: 5.2.0

Package Vendor: Keil
                http://www.keil.com/pack/Keil.STM32G0xx_DFP.1.1.0.pack
                Keil.STM32G0xx_DFP.1.1.0
                STMicroelectronics STM32G0 Series Device Support

<h2>Collection of Component include folders:</h2>
  .\RTE\_rt-thread_test
  C:\Users\wanglei\AppData\Local\Arm\Packs\ARM\CMSIS\5.5.1\CMSIS\Core\Include
  C:\Users\wanglei\AppData\Local\Arm\Packs\Keil\STM32G0xx_DFP\1.1.0\Drivers\CMSIS\Device\ST\STM32G0xx\Include

<h2>Collection of Component Files used:</h2>

   * Component: ARM::CMSIS:CORE:5.2.0
Build Time Elapsed:  00:00:15
</pre>
</body>
</html>
